<?xml version="1.0" encoding="ISO-8859-1" ?>
<link_info>
   <banner>TI ARM Linker Unix v18.12.1.LTS</banner>
   <copyright>Copyright (c) 1996-2018 Texas Instruments Incorporated</copyright>
   <link_time>0x5d35707f</link_time>
   <link_errors>0x0</link_errors>
   <output_file>Stoch_Robot.out</output_file>
   <entry_point>
      <name>_c_int00_noargs</name>
      <address>0x6f31</address>
   </entry_point>
   <input_file_list>
      <input_file id="fl-1">
         <path>./</path>
         <kind>object</kind>
         <file>bezier.obj</file>
         <name>bezier.obj</name>
      </input_file>
      <input_file id="fl-2">
         <path>./</path>
         <kind>object</kind>
         <file>bezier_test.obj</file>
         <name>bezier_test.obj</name>
      </input_file>
      <input_file id="fl-3">
         <path>./</path>
         <kind>object</kind>
         <file>main.obj</file>
         <name>main.obj</name>
      </input_file>
      <input_file id="fl-4">
         <path>./</path>
         <kind>object</kind>
         <file>main2.obj</file>
         <name>main2.obj</name>
      </input_file>
      <input_file id="fl-5">
         <path>./</path>
         <kind>object</kind>
         <file>tm4c123gh6pm_startup_ccs.obj</file>
         <name>tm4c123gh6pm_startup_ccs.obj</name>
      </input_file>
      <input_file id="fl-6">
         <path>./Peripherals/</path>
         <kind>object</kind>
         <file>adc.obj</file>
         <name>adc.obj</name>
      </input_file>
      <input_file id="fl-7">
         <path>./Peripherals/</path>
         <kind>object</kind>
         <file>cpu.obj</file>
         <name>cpu.obj</name>
      </input_file>
      <input_file id="fl-8">
         <path>./Peripherals/</path>
         <kind>object</kind>
         <file>gpio.obj</file>
         <name>gpio.obj</name>
      </input_file>
      <input_file id="fl-9">
         <path>./Peripherals/</path>
         <kind>object</kind>
         <file>interrupt.obj</file>
         <name>interrupt.obj</name>
      </input_file>
      <input_file id="fl-a">
         <path>./Peripherals/</path>
         <kind>object</kind>
         <file>pwm.obj</file>
         <name>pwm.obj</name>
      </input_file>
      <input_file id="fl-b">
         <path>./Peripherals/</path>
         <kind>object</kind>
         <file>sysctl.obj</file>
         <name>sysctl.obj</name>
      </input_file>
      <input_file id="fl-c">
         <path>./Peripherals/</path>
         <kind>object</kind>
         <file>timer.obj</file>
         <name>timer.obj</name>
      </input_file>
      <input_file id="fl-d">
         <path>./Peripherals/</path>
         <kind>object</kind>
         <file>uart.obj</file>
         <name>uart.obj</name>
      </input_file>
      <input_file id="fl-e">
         <path>./Peripherals/</path>
         <kind>object</kind>
         <file>uartstdio.obj</file>
         <name>uartstdio.obj</name>
      </input_file>
      <input_file id="fl-13">
         <kind>object</kind>
         <file>&lt;internal&gt;</file>
         <name>&lt;internal&gt;</name>
      </input_file>
      <input_file id="fl-c9">
         <path>/home/sashank/ti/ccs901/ccs/tools/compiler/ti-cgt-arm_18.12.1.LTS/lib/</path>
         <kind>archive</kind>
         <file>rtsv7M4_T_le_v4SPD16_eabi.lib</file>
         <name>e_acosf.c.obj</name>
      </input_file>
      <input_file id="fl-ca">
         <path>/home/sashank/ti/ccs901/ccs/tools/compiler/ti-cgt-arm_18.12.1.LTS/lib/</path>
         <kind>archive</kind>
         <file>rtsv7M4_T_le_v4SPD16_eabi.lib</file>
         <name>e_atan2f.c.obj</name>
      </input_file>
      <input_file id="fl-cb">
         <path>/home/sashank/ti/ccs901/ccs/tools/compiler/ti-cgt-arm_18.12.1.LTS/lib/</path>
         <kind>archive</kind>
         <file>rtsv7M4_T_le_v4SPD16_eabi.lib</file>
         <name>e_powf.c.obj</name>
      </input_file>
      <input_file id="fl-cc">
         <path>/home/sashank/ti/ccs901/ccs/tools/compiler/ti-cgt-arm_18.12.1.LTS/lib/</path>
         <kind>archive</kind>
         <file>rtsv7M4_T_le_v4SPD16_eabi.lib</file>
         <name>e_sqrtf.c.obj</name>
      </input_file>
      <input_file id="fl-cd">
         <path>/home/sashank/ti/ccs901/ccs/tools/compiler/ti-cgt-arm_18.12.1.LTS/lib/</path>
         <kind>archive</kind>
         <file>rtsv7M4_T_le_v4SPD16_eabi.lib</file>
         <name>s_atanf.c.obj</name>
      </input_file>
      <input_file id="fl-ce">
         <path>/home/sashank/ti/ccs901/ccs/tools/compiler/ti-cgt-arm_18.12.1.LTS/lib/</path>
         <kind>archive</kind>
         <file>rtsv7M4_T_le_v4SPD16_eabi.lib</file>
         <name>s_cosf.c.obj</name>
      </input_file>
      <input_file id="fl-cf">
         <path>/home/sashank/ti/ccs901/ccs/tools/compiler/ti-cgt-arm_18.12.1.LTS/lib/</path>
         <kind>archive</kind>
         <file>rtsv7M4_T_le_v4SPD16_eabi.lib</file>
         <name>s_scalbnf.c.obj</name>
      </input_file>
      <input_file id="fl-d0">
         <path>/home/sashank/ti/ccs901/ccs/tools/compiler/ti-cgt-arm_18.12.1.LTS/lib/</path>
         <kind>archive</kind>
         <file>rtsv7M4_T_le_v4SPD16_eabi.lib</file>
         <name>s_sinf.c.obj</name>
      </input_file>
      <input_file id="fl-d1">
         <path>/home/sashank/ti/ccs901/ccs/tools/compiler/ti-cgt-arm_18.12.1.LTS/lib/</path>
         <kind>archive</kind>
         <file>rtsv7M4_T_le_v4SPD16_eabi.lib</file>
         <name>fd_add_t2.asm.obj</name>
      </input_file>
      <input_file id="fl-d2">
         <path>/home/sashank/ti/ccs901/ccs/tools/compiler/ti-cgt-arm_18.12.1.LTS/lib/</path>
         <kind>archive</kind>
         <file>rtsv7M4_T_le_v4SPD16_eabi.lib</file>
         <name>fd_cmp_t2.asm.obj</name>
      </input_file>
      <input_file id="fl-d3">
         <path>/home/sashank/ti/ccs901/ccs/tools/compiler/ti-cgt-arm_18.12.1.LTS/lib/</path>
         <kind>archive</kind>
         <file>rtsv7M4_T_le_v4SPD16_eabi.lib</file>
         <name>fd_div_t2.asm.obj</name>
      </input_file>
      <input_file id="fl-d4">
         <path>/home/sashank/ti/ccs901/ccs/tools/compiler/ti-cgt-arm_18.12.1.LTS/lib/</path>
         <kind>archive</kind>
         <file>rtsv7M4_T_le_v4SPD16_eabi.lib</file>
         <name>fd_mul_t2.asm.obj</name>
      </input_file>
      <input_file id="fl-d5">
         <path>/home/sashank/ti/ccs901/ccs/tools/compiler/ti-cgt-arm_18.12.1.LTS/lib/</path>
         <kind>archive</kind>
         <file>rtsv7M4_T_le_v4SPD16_eabi.lib</file>
         <name>fd_toi_t2.asm.obj</name>
      </input_file>
      <input_file id="fl-d6">
         <path>/home/sashank/ti/ccs901/ccs/tools/compiler/ti-cgt-arm_18.12.1.LTS/lib/</path>
         <kind>archive</kind>
         <file>rtsv7M4_T_le_v4SPD16_eabi.lib</file>
         <name>fd_tos_t2.asm.obj</name>
      </input_file>
      <input_file id="fl-d7">
         <path>/home/sashank/ti/ccs901/ccs/tools/compiler/ti-cgt-arm_18.12.1.LTS/lib/</path>
         <kind>archive</kind>
         <file>rtsv7M4_T_le_v4SPD16_eabi.lib</file>
         <name>fs_tod_t2.asm.obj</name>
      </input_file>
      <input_file id="fl-d8">
         <path>/home/sashank/ti/ccs901/ccs/tools/compiler/ti-cgt-arm_18.12.1.LTS/lib/</path>
         <kind>archive</kind>
         <file>rtsv7M4_T_le_v4SPD16_eabi.lib</file>
         <name>i_tofd_t2.asm.obj</name>
      </input_file>
      <input_file id="fl-d9">
         <path>/home/sashank/ti/ccs901/ccs/tools/compiler/ti-cgt-arm_18.12.1.LTS/lib/</path>
         <kind>archive</kind>
         <file>rtsv7M4_T_le_v4SPD16_eabi.lib</file>
         <name>memcpy_t2.asm.obj</name>
      </input_file>
      <input_file id="fl-da">
         <path>/home/sashank/ti/ccs901/ccs/tools/compiler/ti-cgt-arm_18.12.1.LTS/lib/</path>
         <kind>archive</kind>
         <file>rtsv7M4_T_le_v4SPD16_eabi.lib</file>
         <name>u_divt2.asm.obj</name>
      </input_file>
      <input_file id="fl-db">
         <path>/home/sashank/ti/ccs901/ccs/tools/compiler/ti-cgt-arm_18.12.1.LTS/lib/</path>
         <kind>archive</kind>
         <file>rtsv7M4_T_le_v4SPD16_eabi.lib</file>
         <name>copy_zero_init.c.obj</name>
      </input_file>
      <input_file id="fl-dc">
         <path>/home/sashank/ti/ccs901/ccs/tools/compiler/ti-cgt-arm_18.12.1.LTS/lib/</path>
         <kind>archive</kind>
         <file>rtsv7M4_T_le_v4SPD16_eabi.lib</file>
         <name>copy_decompress_none.c.obj</name>
      </input_file>
      <input_file id="fl-dd">
         <path>/home/sashank/ti/ccs901/ccs/tools/compiler/ti-cgt-arm_18.12.1.LTS/lib/</path>
         <kind>archive</kind>
         <file>rtsv7M4_T_le_v4SPD16_eabi.lib</file>
         <name>copy_decompress_lzss.c.obj</name>
      </input_file>
      <input_file id="fl-de">
         <path>/home/sashank/ti/ccs901/ccs/tools/compiler/ti-cgt-arm_18.12.1.LTS/lib/</path>
         <kind>archive</kind>
         <file>rtsv7M4_T_le_v4SPD16_eabi.lib</file>
         <name>errno.c.obj</name>
      </input_file>
      <input_file id="fl-df">
         <path>/home/sashank/ti/ccs901/ccs/tools/compiler/ti-cgt-arm_18.12.1.LTS/lib/</path>
         <kind>archive</kind>
         <file>rtsv7M4_T_le_v4SPD16_eabi.lib</file>
         <name>boot_cortex_m.c.obj</name>
      </input_file>
      <input_file id="fl-e0">
         <path>/home/sashank/ti/ccs901/ccs/tools/compiler/ti-cgt-arm_18.12.1.LTS/lib/</path>
         <kind>archive</kind>
         <file>rtsv7M4_T_le_v4SPD16_eabi.lib</file>
         <name>s_copysignf.c.obj</name>
      </input_file>
      <input_file id="fl-e1">
         <path>/home/sashank/ti/ccs901/ccs/tools/compiler/ti-cgt-arm_18.12.1.LTS/lib/</path>
         <kind>archive</kind>
         <file>rtsv7M4_T_le_v4SPD16_eabi.lib</file>
         <name>div0.asm.obj</name>
      </input_file>
      <input_file id="fl-e2">
         <path>/home/sashank/ti/ccs901/ccs/tools/compiler/ti-cgt-arm_18.12.1.LTS/lib/</path>
         <kind>archive</kind>
         <file>rtsv7M4_T_le_v4SPD16_eabi.lib</file>
         <name>memset_t2.asm.obj</name>
      </input_file>
      <input_file id="fl-e3">
         <path>/home/sashank/ti/ccs901/ccs/tools/compiler/ti-cgt-arm_18.12.1.LTS/lib/</path>
         <kind>archive</kind>
         <file>rtsv7M4_T_le_v4SPD16_eabi.lib</file>
         <name>autoinit.c.obj</name>
      </input_file>
      <input_file id="fl-e4">
         <path>/home/sashank/ti/ccs901/ccs/tools/compiler/ti-cgt-arm_18.12.1.LTS/lib/</path>
         <kind>archive</kind>
         <file>rtsv7M4_T_le_v4SPD16_eabi.lib</file>
         <name>pre_init.c.obj</name>
      </input_file>
      <input_file id="fl-e5">
         <path>/home/sashank/ti/ccs901/ccs/tools/compiler/ti-cgt-arm_18.12.1.LTS/lib/</path>
         <kind>archive</kind>
         <file>rtsv7M4_T_le_v4SPD16_eabi.lib</file>
         <name>cpy_tbl.c.obj</name>
      </input_file>
      <input_file id="fl-e6">
         <path>/home/sashank/ti/ccs901/ccs/tools/compiler/ti-cgt-arm_18.12.1.LTS/lib/</path>
         <kind>archive</kind>
         <file>rtsv7M4_T_le_v4SPD16_eabi.lib</file>
         <name>exit.c.obj</name>
      </input_file>
      <input_file id="fl-e7">
         <path>/home/sashank/ti/ccs901/ccs/tools/compiler/ti-cgt-arm_18.12.1.LTS/lib/</path>
         <kind>archive</kind>
         <file>rtsv7M4_T_le_v4SPD16_eabi.lib</file>
         <name>_lock.c.obj</name>
      </input_file>
      <input_file id="fl-e8">
         <path>/home/sashank/ti/ccs901/ccs/tools/compiler/ti-cgt-arm_18.12.1.LTS/lib/</path>
         <kind>archive</kind>
         <file>rtsv7M4_T_le_v4SPD16_eabi.lib</file>
         <name>args_main.c.obj</name>
      </input_file>
   </input_file_list>
   <object_component_list>
      <object_component id="oc-f">
         <name>.intvecs</name>
         <load_address>0x0</load_address>
         <run_address>0x0</run_address>
         <size>0x26c</size>
         <input_file_ref idref="fl-5"/>
      </object_component>
      <object_component id="oc-2a">
         <name>.text</name>
         <load_address>0x26c</load_address>
         <run_address>0x26c</run_address>
         <size>0x2580</size>
         <input_file_ref idref="fl-3"/>
      </object_component>
      <object_component id="oc-71">
         <name>.text</name>
         <load_address>0x27ec</load_address>
         <run_address>0x27ec</run_address>
         <size>0xf60</size>
         <input_file_ref idref="fl-b"/>
      </object_component>
      <object_component id="oc-77">
         <name>.text</name>
         <load_address>0x374c</load_address>
         <run_address>0x374c</run_address>
         <size>0xb40</size>
         <input_file_ref idref="fl-8"/>
      </object_component>
      <object_component id="oc-7d">
         <name>.text</name>
         <load_address>0x428c</load_address>
         <run_address>0x428c</run_address>
         <size>0x6b0</size>
         <input_file_ref idref="fl-d"/>
      </object_component>
      <object_component id="oc-e8">
         <name>.text</name>
         <load_address>0x493c</load_address>
         <run_address>0x493c</run_address>
         <size>0x642</size>
         <input_file_ref idref="fl-c"/>
      </object_component>
      <object_component id="oc-322">
         <name>.text</name>
         <load_address>0x4f7e</load_address>
         <run_address>0x4f7e</run_address>
         <size>0x2</size>
         <input_file_ref idref="fl-e1"/>
      </object_component>
      <object_component id="oc-a6">
         <name>.text:powf</name>
         <load_address>0x4f80</load_address>
         <run_address>0x4f80</run_address>
         <size>0x58c</size>
         <input_file_ref idref="fl-cb"/>
      </object_component>
      <object_component id="oc-83">
         <name>.text</name>
         <load_address>0x550c</load_address>
         <run_address>0x550c</run_address>
         <size>0x478</size>
         <input_file_ref idref="fl-e"/>
      </object_component>
      <object_component id="oc-143">
         <name>.text</name>
         <load_address>0x5984</load_address>
         <run_address>0x5984</run_address>
         <size>0x3d4</size>
         <input_file_ref idref="fl-1"/>
      </object_component>
      <object_component id="oc-113">
         <name>.text</name>
         <load_address>0x5d58</load_address>
         <run_address>0x5d58</run_address>
         <size>0x3c0</size>
         <input_file_ref idref="fl-9"/>
      </object_component>
      <object_component id="oc-c8">
         <name>.text</name>
         <load_address>0x6118</load_address>
         <run_address>0x6118</run_address>
         <size>0x1b6</size>
         <input_file_ref idref="fl-d1"/>
      </object_component>
      <object_component id="oc-ac">
         <name>.text:acosf</name>
         <load_address>0x62d0</load_address>
         <run_address>0x62d0</run_address>
         <size>0x198</size>
         <input_file_ref idref="fl-c9"/>
      </object_component>
      <object_component id="oc-a0">
         <name>.text:atan2f</name>
         <load_address>0x6468</load_address>
         <run_address>0x6468</run_address>
         <size>0x158</size>
         <input_file_ref idref="fl-ca"/>
      </object_component>
      <object_component id="oc-1fc">
         <name>.text:atanf</name>
         <load_address>0x65c0</load_address>
         <run_address>0x65c0</run_address>
         <size>0x150</size>
         <input_file_ref idref="fl-cd"/>
      </object_component>
      <object_component id="oc-123">
         <name>.text</name>
         <load_address>0x6710</load_address>
         <run_address>0x6710</run_address>
         <size>0x136</size>
         <input_file_ref idref="fl-d3"/>
      </object_component>
      <object_component id="oc-c3">
         <name>.text</name>
         <load_address>0x6846</load_address>
         <run_address>0x6846</run_address>
         <size>0xfc</size>
         <input_file_ref idref="fl-d4"/>
      </object_component>
      <object_component id="oc-209">
         <name>.text:scalbnf</name>
         <load_address>0x6944</load_address>
         <run_address>0x6944</run_address>
         <size>0xd0</size>
         <input_file_ref idref="fl-cf"/>
      </object_component>
      <object_component id="oc-b8">
         <name>.text:cosf</name>
         <load_address>0x6a14</load_address>
         <run_address>0x6a14</run_address>
         <size>0xb4</size>
         <input_file_ref idref="fl-ce"/>
      </object_component>
      <object_component id="oc-b2">
         <name>.text:sinf</name>
         <load_address>0x6ac8</load_address>
         <run_address>0x6ac8</run_address>
         <size>0xa4</size>
         <input_file_ref idref="fl-d0"/>
      </object_component>
      <object_component id="oc-3e">
         <name>.text</name>
         <load_address>0x6b6c</load_address>
         <run_address>0x6b6c</run_address>
         <size>0x9c</size>
         <input_file_ref idref="fl-d9"/>
      </object_component>
      <object_component id="oc-128">
         <name>.text:__aeabi_cdcmple</name>
         <load_address>0x6c08</load_address>
         <run_address>0x6c08</run_address>
         <size>0x86</size>
         <input_file_ref idref="fl-d2"/>
      </object_component>
      <object_component id="oc-119">
         <name>.text:__aeabi_cdrcmple</name>
         <load_address>0x6c8e</load_address>
         <run_address>0x6c8e</run_address>
         <size>0x86</size>
         <input_file_ref idref="fl-d2"/>
      </object_component>
      <object_component id="oc-cd">
         <name>.text</name>
         <load_address>0x6d14</load_address>
         <run_address>0x6d14</run_address>
         <size>0x6e</size>
         <input_file_ref idref="fl-d6"/>
      </object_component>
      <object_component id="oc-12">
         <name>.text:decompress:lzss:__TI_decompress_lzss</name>
         <load_address>0x6d82</load_address>
         <run_address>0x6d82</run_address>
         <size>0x68</size>
         <input_file_ref idref="fl-dd"/>
      </object_component>
      <object_component id="oc-158">
         <name>.text</name>
         <load_address>0x6dea</load_address>
         <run_address>0x6dea</run_address>
         <size>0x48</size>
         <input_file_ref idref="fl-d5"/>
      </object_component>
      <object_component id="oc-2cd">
         <name>.text:__TI_auto_init_nobinit_nopinit:__TI_auto_init_nobinit_nopinit</name>
         <load_address>0x6e34</load_address>
         <run_address>0x6e34</run_address>
         <size>0x44</size>
         <input_file_ref idref="fl-e3"/>
      </object_component>
      <object_component id="oc-1e3">
         <name>.text</name>
         <load_address>0x6e78</load_address>
         <run_address>0x6e78</run_address>
         <size>0x40</size>
         <input_file_ref idref="fl-da"/>
      </object_component>
      <object_component id="oc-1b1">
         <name>.text</name>
         <load_address>0x6eb8</load_address>
         <run_address>0x6eb8</run_address>
         <size>0x3e</size>
         <input_file_ref idref="fl-7"/>
      </object_component>
      <object_component id="oc-be">
         <name>.text</name>
         <load_address>0x6ef6</load_address>
         <run_address>0x6ef6</run_address>
         <size>0x38</size>
         <input_file_ref idref="fl-d7"/>
      </object_component>
      <object_component id="oc-5c">
         <name>.text:_c_int00_noargs:_c_int00_noargs</name>
         <load_address>0x6f30</load_address>
         <run_address>0x6f30</run_address>
         <size>0x34</size>
         <input_file_ref idref="fl-df"/>
      </object_component>
      <object_component id="oc-11e">
         <name>.text</name>
         <load_address>0x6f64</load_address>
         <run_address>0x6f64</run_address>
         <size>0x2e</size>
         <input_file_ref idref="fl-d8"/>
      </object_component>
      <object_component id="oc-9a">
         <name>.text:sqrtf</name>
         <load_address>0x6f94</load_address>
         <run_address>0x6f94</run_address>
         <size>0x28</size>
         <input_file_ref idref="fl-cc"/>
      </object_component>
      <object_component id="oc-12d">
         <name>.text:to_degrees</name>
         <load_address>0x6fbc</load_address>
         <run_address>0x6fbc</run_address>
         <size>0x28</size>
         <input_file_ref idref="fl-3"/>
      </object_component>
      <object_component id="oc-33f">
         <name>.text:copysignf</name>
         <load_address>0x6fe4</load_address>
         <run_address>0x6fe4</run_address>
         <size>0x18</size>
         <input_file_ref idref="fl-e0"/>
      </object_component>
      <object_component id="oc-89">
         <name>.text:enHigh</name>
         <load_address>0x6ffc</load_address>
         <run_address>0x6ffc</run_address>
         <size>0x14</size>
         <input_file_ref idref="fl-3"/>
      </object_component>
      <object_component id="oc-90">
         <name>.text:enLow</name>
         <load_address>0x7010</load_address>
         <run_address>0x7010</run_address>
         <size>0x14</size>
         <input_file_ref idref="fl-3"/>
      </object_component>
      <object_component id="oc-4a">
         <name>.text:decompress:ZI:__TI_zero_init_nomemset:__TI_zero_init_nomemset</name>
         <load_address>0x7024</load_address>
         <run_address>0x7024</run_address>
         <size>0x12</size>
         <input_file_ref idref="fl-db"/>
      </object_component>
      <object_component id="oc-18">
         <name>.text:decompress:none:__TI_decompress_none</name>
         <load_address>0x7036</load_address>
         <run_address>0x7036</run_address>
         <size>0xe</size>
         <input_file_ref idref="fl-dc"/>
      </object_component>
      <object_component id="oc-24">
         <name>.text</name>
         <load_address>0x7044</load_address>
         <run_address>0x7044</run_address>
         <size>0xc</size>
         <input_file_ref idref="fl-5"/>
      </object_component>
      <object_component id="oc-1f4">
         <name>.text:__aeabi_errno_addr</name>
         <load_address>0x7050</load_address>
         <run_address>0x7050</run_address>
         <size>0x8</size>
         <input_file_ref idref="fl-de"/>
      </object_component>
      <object_component id="oc-ee">
         <name>.text:SysCtlDelay</name>
         <load_address>0x7058</load_address>
         <run_address>0x7058</run_address>
         <size>0x6</size>
         <input_file_ref idref="fl-b"/>
      </object_component>
      <object_component id="oc-19c">
         <name>.text:_system_pre_init</name>
         <load_address>0x705e</load_address>
         <run_address>0x705e</run_address>
         <size>0x4</size>
         <input_file_ref idref="fl-e4"/>
      </object_component>
      <object_component id="oc-2c1">
         <name>.text:abort:abort</name>
         <load_address>0x7062</load_address>
         <run_address>0x7062</run_address>
         <size>0x4</size>
         <input_file_ref idref="fl-e6"/>
      </object_component>
      <object_component id="oc-1bd">
         <name>.const:g_pppui32XTALtoVCO</name>
         <load_address>0x7068</load_address>
         <run_address>0x7068</run_address>
         <size>0x1b0</size>
         <input_file_ref idref="fl-b"/>
      </object_component>
      <object_component id="oc-15d">
         <name>.const:abduction6t</name>
         <load_address>0x7218</load_address>
         <run_address>0x7218</run_address>
         <size>0x190</size>
         <input_file_ref idref="fl-3"/>
      </object_component>
      <object_component id="oc-160">
         <name>.const:abduction9t</name>
         <load_address>0x73a8</load_address>
         <run_address>0x73a8</run_address>
         <size>0x190</size>
         <input_file_ref idref="fl-3"/>
      </object_component>
      <object_component id="oc-1c7">
         <name>.const:g_ppui32GPIOIntMapBlizzard</name>
         <load_address>0x7538</load_address>
         <run_address>0x7538</run_address>
         <size>0xc0</size>
         <input_file_ref idref="fl-8"/>
      </object_component>
      <object_component id="oc-1ca">
         <name>.const:g_ppui32GPIOIntMapSnowflake</name>
         <load_address>0x75f8</load_address>
         <run_address>0x75f8</run_address>
         <size>0xc0</size>
         <input_file_ref idref="fl-8"/>
      </object_component>
      <object_component id="oc-259">
         <name>.const:g_pui32Regs</name>
         <load_address>0x76b8</load_address>
         <run_address>0x76b8</run_address>
         <size>0x9c</size>
         <input_file_ref idref="fl-9"/>
      </object_component>
      <object_component id="oc-1cd">
         <name>.const:g_pui32GPIOBaseAddrs</name>
         <load_address>0x7754</load_address>
         <run_address>0x7754</run_address>
         <size>0x90</size>
         <input_file_ref idref="fl-8"/>
      </object_component>
      <object_component id="oc-1b7">
         <name>.const:g_pui32Xtals</name>
         <load_address>0x77e4</load_address>
         <run_address>0x77e4</run_address>
         <size>0x6c</size>
         <input_file_ref idref="fl-b"/>
      </object_component>
      <object_component id="oc-235">
         <name>.const:g_ppui32TimerIntMap</name>
         <load_address>0x7850</load_address>
         <run_address>0x7850</run_address>
         <size>0x60</size>
         <input_file_ref idref="fl-c"/>
      </object_component>
      <object_component id="oc-28a">
         <name>.const:$P$T2$3</name>
         <load_address>0x78b0</load_address>
         <run_address>0x78b0</run_address>
         <size>0x40</size>
         <input_file_ref idref="fl-1"/>
      </object_component>
      <object_component id="oc-238">
         <name>.const:g_ppui32TimerIntMapSnowflake</name>
         <load_address>0x78f0</load_address>
         <run_address>0x78f0</run_address>
         <size>0x40</size>
         <input_file_ref idref="fl-c"/>
      </object_component>
      <object_component id="oc-1d2">
         <name>.const:g_ppui32UARTIntMap</name>
         <load_address>0x7930</load_address>
         <run_address>0x7930</run_address>
         <size>0x40</size>
         <input_file_ref idref="fl-d"/>
      </object_component>
      <object_component id="oc-1d5">
         <name>.const:g_ppui32UARTIntMapSnowflake</name>
         <load_address>0x7970</load_address>
         <run_address>0x7970</run_address>
         <size>0x40</size>
         <input_file_ref idref="fl-d"/>
      </object_component>
      <object_component id="oc-334">
         <name>.const:$O1$$</name>
         <load_address>0x79b0</load_address>
         <run_address>0x79b0</run_address>
         <size>0x34</size>
         <input_file_ref idref="fl-cd"/>
      </object_component>
      <object_component id="oc-1ae">
         <name>.const:g_sXTALtoMEMTIM</name>
         <load_address>0x79e4</load_address>
         <run_address>0x79e4</run_address>
         <size>0x30</size>
         <input_file_ref idref="fl-b"/>
      </object_component>
      <object_component id="oc-134">
         <name>.const:$P$T7$8</name>
         <load_address>0x7a14</load_address>
         <run_address>0x7a14</run_address>
         <size>0x28</size>
         <input_file_ref idref="fl-3"/>
      </object_component>
      <object_component id="oc-256">
         <name>.const:g_pui32Priority</name>
         <load_address>0x7a3c</load_address>
         <run_address>0x7a3c</run_address>
         <size>0x20</size>
         <input_file_ref idref="fl-9"/>
      </object_component>
      <object_component id="oc-20f">
         <name>.const:$O1$$</name>
         <load_address>0x7a5c</load_address>
         <run_address>0x7a5c</run_address>
         <size>0x18</size>
         <input_file_ref idref="fl-cb"/>
      </object_component>
      <object_component id="oc-f1">
         <name>.const:$P$T6$7</name>
         <load_address>0x7a74</load_address>
         <run_address>0x7a74</run_address>
         <size>0x14</size>
         <input_file_ref idref="fl-3"/>
      </object_component>
      <object_component id="oc-25f">
         <name>.const:g_pui32Dii16Regs</name>
         <load_address>0x7a88</load_address>
         <run_address>0x7a88</run_address>
         <size>0x14</size>
         <input_file_ref idref="fl-9"/>
      </object_component>
      <object_component id="oc-25c">
         <name>.const:g_pui32EnRegs</name>
         <load_address>0x7a9c</load_address>
         <run_address>0x7a9c</run_address>
         <size>0x14</size>
         <input_file_ref idref="fl-9"/>
      </object_component>
      <object_component id="oc-262">
         <name>.const:g_pui32PendRegs</name>
         <load_address>0x7ab0</load_address>
         <run_address>0x7ab0</run_address>
         <size>0x14</size>
         <input_file_ref idref="fl-9"/>
      </object_component>
      <object_component id="oc-265">
         <name>.const:g_pui32UnpendRegs</name>
         <load_address>0x7ac4</load_address>
         <run_address>0x7ac4</run_address>
         <size>0x14</size>
         <input_file_ref idref="fl-9"/>
      </object_component>
      <object_component id="oc-328">
         <name>.const:.string</name>
         <load_address>0x7ad8</load_address>
         <run_address>0x7ad8</run_address>
         <size>0x12</size>
         <input_file_ref idref="fl-e"/>
      </object_component>
      <object_component id="oc-284">
         <name>.const:$P$T0$1</name>
         <load_address>0x7aec</load_address>
         <run_address>0x7aec</run_address>
         <size>0x10</size>
         <input_file_ref idref="fl-1"/>
      </object_component>
      <object_component id="oc-287">
         <name>.const:$P$T1$2</name>
         <load_address>0x7afc</load_address>
         <run_address>0x7afc</run_address>
         <size>0x10</size>
         <input_file_ref idref="fl-1"/>
      </object_component>
      <object_component id="oc-e1">
         <name>.const:$P$T5$6</name>
         <load_address>0x7b0c</load_address>
         <run_address>0x7b0c</run_address>
         <size>0x10</size>
         <input_file_ref idref="fl-3"/>
      </object_component>
      <object_component id="oc-152">
         <name>.const:$P$T8$9</name>
         <load_address>0x7b1c</load_address>
         <run_address>0x7b1c</run_address>
         <size>0x10</size>
         <input_file_ref idref="fl-3"/>
      </object_component>
      <object_component id="oc-155">
         <name>.const:$P$T9$10</name>
         <load_address>0x7b2c</load_address>
         <run_address>0x7b2c</run_address>
         <size>0x10</size>
         <input_file_ref idref="fl-3"/>
      </object_component>
      <object_component id="oc-1e0">
         <name>.const:g_ui32UARTBase</name>
         <load_address>0x7b3c</load_address>
         <run_address>0x7b3c</run_address>
         <size>0xc</size>
         <input_file_ref idref="fl-e"/>
      </object_component>
      <object_component id="oc-1da">
         <name>.const:g_ui32UARTPeriph</name>
         <load_address>0x7b48</load_address>
         <run_address>0x7b48</run_address>
         <size>0xc</size>
         <input_file_ref idref="fl-e"/>
      </object_component>
      <object_component id="oc-d2">
         <name>.const:$P$T0$1</name>
         <load_address>0x7b54</load_address>
         <run_address>0x7b54</run_address>
         <size>0x8</size>
         <input_file_ref idref="fl-3"/>
      </object_component>
      <object_component id="oc-d5">
         <name>.const:$P$T1$2</name>
         <load_address>0x7b5c</load_address>
         <run_address>0x7b5c</run_address>
         <size>0x8</size>
         <input_file_ref idref="fl-3"/>
      </object_component>
      <object_component id="oc-d8">
         <name>.const:$P$T2$3</name>
         <load_address>0x7b64</load_address>
         <run_address>0x7b64</run_address>
         <size>0x8</size>
         <input_file_ref idref="fl-3"/>
      </object_component>
      <object_component id="oc-db">
         <name>.const:$P$T3$4</name>
         <load_address>0x7b6c</load_address>
         <run_address>0x7b6c</run_address>
         <size>0x8</size>
         <input_file_ref idref="fl-3"/>
      </object_component>
      <object_component id="oc-de">
         <name>.const:$P$T4$5</name>
         <load_address>0x7b74</load_address>
         <run_address>0x7b74</run_address>
         <size>0x8</size>
         <input_file_ref idref="fl-3"/>
      </object_component>
      <object_component id="oc-1ba">
         <name>.const:g_pui32VCOFrequencies</name>
         <load_address>0x7b7c</load_address>
         <run_address>0x7b7c</run_address>
         <size>0x8</size>
         <input_file_ref idref="fl-b"/>
      </object_component>
      <object_component id="oc-13a">
         <name>.const</name>
         <load_address>0x7b84</load_address>
         <run_address>0x7b84</run_address>
         <size>0x4</size>
         <input_file_ref idref="fl-3"/>
      </object_component>
      <object_component id="oc-1e8">
         <name>.const</name>
         <load_address>0x7b88</load_address>
         <run_address>0x7b88</run_address>
         <size>0x4</size>
         <input_file_ref idref="fl-e"/>
      </object_component>
      <object_component id="oc-407">
         <name>.cinit..data.load</name>
         <load_address>0x7b90</load_address>
         <run_address>0x7b90</run_address>
         <size>0xd17</size>
      </object_component>
      <object_component id="oc-404">
         <name>__TI_handler_table</name>
         <load_address>0x88a8</load_address>
         <run_address>0x88a8</run_address>
         <size>0xc</size>
      </object_component>
      <object_component id="oc-408">
         <name>.cinit..bss.load</name>
         <load_address>0x88b8</load_address>
         <run_address>0x88b8</run_address>
         <size>0x8</size>
      </object_component>
      <object_component id="oc-406">
         <name>.cinit..vtable.load</name>
         <load_address>0x88c0</load_address>
         <run_address>0x88c0</run_address>
         <size>0x8</size>
      </object_component>
      <object_component id="oc-405">
         <name>__TI_cinit_table</name>
         <load_address>0x88c8</load_address>
         <run_address>0x88c8</run_address>
         <size>0x18</size>
      </object_component>
      <object_component id="oc-253">
         <name>.vtable</name>
         <uninitialized>true</uninitialized>
         <run_address>0x20000000</run_address>
         <size>0x26c</size>
         <input_file_ref idref="fl-9"/>
      </object_component>
      <object_component id="oc-27e">
         <name>.data:action_ref_trot</name>
         <load_address>0x20001440</load_address>
         <run_address>0x20001440</run_address>
         <size>0x40</size>
         <input_file_ref idref="fl-1"/>
      </object_component>
      <object_component id="oc-278">
         <name>.data:action_ref_list</name>
         <load_address>0x2000164c</load_address>
         <run_address>0x2000164c</run_address>
         <size>0x8</size>
         <input_file_ref idref="fl-1"/>
      </object_component>
      <object_component id="oc-27b">
         <name>.data:action_leg_indices</name>
         <load_address>0x20001644</load_address>
         <run_address>0x20001644</run_address>
         <size>0x8</size>
         <input_file_ref idref="fl-1"/>
      </object_component>
      <object_component id="oc-281">
         <name>.data:action_ref_final</name>
         <load_address>0x20001400</load_address>
         <run_address>0x20001400</run_address>
         <size>0x40</size>
         <input_file_ref idref="fl-1"/>
      </object_component>
      <object_component id="oc-290">
         <name>.data:RT_OFFSET</name>
         <load_address>0x20001634</load_address>
         <run_address>0x20001634</run_address>
         <size>0x8</size>
         <input_file_ref idref="fl-1"/>
      </object_component>
      <object_component id="oc-28d">
         <name>.data:RT_SCALINGFACTOR</name>
         <load_address>0x2000163c</load_address>
         <run_address>0x2000163c</run_address>
         <size>0x8</size>
         <input_file_ref idref="fl-1"/>
      </object_component>
      <object_component id="oc-97">
         <name>.data</name>
         <load_address>0x2000139c</load_address>
         <run_address>0x2000139c</run_address>
         <size>0x64</size>
         <input_file_ref idref="fl-3"/>
      </object_component>
      <object_component id="oc-140">
         <name>.data:motor_hip</name>
         <load_address>0x200014f8</load_address>
         <run_address>0x200014f8</run_address>
         <size>0x34</size>
         <input_file_ref idref="fl-3"/>
      </object_component>
      <object_component id="oc-137">
         <name>.data:motor_knee</name>
         <load_address>0x2000152c</load_address>
         <run_address>0x2000152c</run_address>
         <size>0x34</size>
         <input_file_ref idref="fl-3"/>
      </object_component>
      <object_component id="oc-149">
         <name>.data:actpos</name>
         <load_address>0x20001480</load_address>
         <run_address>0x20001480</run_address>
         <size>0x3c</size>
         <input_file_ref idref="fl-3"/>
      </object_component>
      <object_component id="oc-14c">
         <name>.data:current</name>
         <load_address>0x200014bc</load_address>
         <run_address>0x200014bc</run_address>
         <size>0x3c</size>
         <input_file_ref idref="fl-3"/>
      </object_component>
      <object_component id="oc-13d">
         <name>.data:reference</name>
         <load_address>0x20001560</load_address>
         <run_address>0x20001560</run_address>
         <size>0x34</size>
         <input_file_ref idref="fl-3"/>
      </object_component>
      <object_component id="oc-14f">
         <name>.data:action1</name>
         <load_address>0x200015bc</load_address>
         <run_address>0x200015bc</run_address>
         <size>0x28</size>
         <input_file_ref idref="fl-3"/>
      </object_component>
      <object_component id="oc-163">
         <name>.data:action</name>
         <load_address>0x200015e4</load_address>
         <run_address>0x200015e4</run_address>
         <size>0x28</size>
         <input_file_ref idref="fl-3"/>
      </object_component>
      <object_component id="oc-16c">
         <name>.data:final_action</name>
         <load_address>0x2000160c</load_address>
         <run_address>0x2000160c</run_address>
         <size>0x28</size>
         <input_file_ref idref="fl-3"/>
      </object_component>
      <object_component id="oc-166">
         <name>.data:ARS_matrixA</name>
         <load_address>0x2000026c</load_address>
         <run_address>0x2000026c</run_address>
         <size>0x190</size>
         <input_file_ref idref="fl-3"/>
      </object_component>
      <object_component id="oc-169">
         <name>.data:ARS_matrixB</name>
         <load_address>0x20001594</load_address>
         <run_address>0x20001594</run_address>
         <size>0x28</size>
         <input_file_ref idref="fl-3"/>
      </object_component>
      <object_component id="oc-10d">
         <name>.data:spine13</name>
         <load_address>0x2000107c</load_address>
         <run_address>0x2000107c</run_address>
         <size>0x190</size>
         <input_file_ref idref="fl-3"/>
      </object_component>
      <object_component id="oc-110">
         <name>.data:spine14</name>
         <load_address>0x2000120c</load_address>
         <run_address>0x2000120c</run_address>
         <size>0x190</size>
         <input_file_ref idref="fl-3"/>
      </object_component>
      <object_component id="oc-f5">
         <name>.data:FLx</name>
         <load_address>0x20000a3c</load_address>
         <run_address>0x20000a3c</run_address>
         <size>0x190</size>
         <input_file_ref idref="fl-3"/>
      </object_component>
      <object_component id="oc-f8">
         <name>.data:BLx</name>
         <load_address>0x200003fc</load_address>
         <run_address>0x200003fc</run_address>
         <size>0x190</size>
         <input_file_ref idref="fl-3"/>
      </object_component>
      <object_component id="oc-fb">
         <name>.data:FRx</name>
         <load_address>0x20000d5c</load_address>
         <run_address>0x20000d5c</run_address>
         <size>0x190</size>
         <input_file_ref idref="fl-3"/>
      </object_component>
      <object_component id="oc-fe">
         <name>.data:BRx</name>
         <load_address>0x2000071c</load_address>
         <run_address>0x2000071c</run_address>
         <size>0x190</size>
         <input_file_ref idref="fl-3"/>
      </object_component>
      <object_component id="oc-101">
         <name>.data:FLy</name>
         <load_address>0x20000bcc</load_address>
         <run_address>0x20000bcc</run_address>
         <size>0x190</size>
         <input_file_ref idref="fl-3"/>
      </object_component>
      <object_component id="oc-104">
         <name>.data:BLy</name>
         <load_address>0x2000058c</load_address>
         <run_address>0x2000058c</run_address>
         <size>0x190</size>
         <input_file_ref idref="fl-3"/>
      </object_component>
      <object_component id="oc-107">
         <name>.data:FRy</name>
         <load_address>0x20000eec</load_address>
         <run_address>0x20000eec</run_address>
         <size>0x190</size>
         <input_file_ref idref="fl-3"/>
      </object_component>
      <object_component id="oc-10a">
         <name>.data:BRy</name>
         <load_address>0x200008ac</load_address>
         <run_address>0x200008ac</run_address>
         <size>0x190</size>
         <input_file_ref idref="fl-3"/>
      </object_component>
      <object_component id="oc-1dd">
         <name>.data</name>
         <load_address>0x20001654</load_address>
         <run_address>0x20001654</run_address>
         <size>0x5</size>
         <input_file_ref idref="fl-e"/>
      </object_component>
      <object_component id="oc-32d">
         <name>.data</name>
         <load_address>0x2000165c</load_address>
         <run_address>0x2000165c</run_address>
         <size>0x4</size>
         <input_file_ref idref="fl-de"/>
      </object_component>
      <object_component id="oc-f4">
         <name>.common:rxchar</name>
         <uninitialized>true</uninitialized>
         <run_address>0x20001860</run_address>
         <size>0xc</size>
      </object_component>
      <object_component id="oc-e4">
         <name>.common:q1</name>
         <uninitialized>true</uninitialized>
         <run_address>0x2000186c</run_address>
         <size>0x4</size>
      </object_component>
      <object_component id="oc-e7">
         <name>.common:q2</name>
         <uninitialized>true</uninitialized>
         <run_address>0x20001870</run_address>
         <size>0x4</size>
      </object_component>
      <object_component id="oc-ef">
         <name>.common:q3</name>
         <uninitialized>true</uninitialized>
         <run_address>0x20001874</run_address>
         <size>0x4</size>
      </object_component>
      <object_component id="oc-f0">
         <name>.common:q4</name>
         <uninitialized>true</uninitialized>
         <run_address>0x20001878</run_address>
         <size>0x4</size>
      </object_component>
      <object_component id="oc-21">
         <name>.stack</name>
         <uninitialized>true</uninitialized>
         <run_address>0x20001660</run_address>
         <size>0x4</size>
         <input_file_ref idref="fl-df"/>
      </object_component>
      <object_component id="oc-409">
         <name>.stack</name>
         <uninitialized>true</uninitialized>
         <run_address>0x20001660</run_address>
         <size>0x0</size>
      </object_component>
      <object_component id="oc-294">
         <name>.debug_info</name>
         <load_address>0x0</load_address>
         <run_address>0x0</run_address>
         <size>0x307</size>
         <input_file_ref idref="fl-1"/>
      </object_component>
      <object_component id="oc-27f">
         <name>.debug_info</name>
         <load_address>0x307</load_address>
         <run_address>0x307</run_address>
         <size>0xdf</size>
         <input_file_ref idref="fl-1"/>
      </object_component>
      <object_component id="oc-279">
         <name>.debug_info</name>
         <load_address>0x3e6</load_address>
         <run_address>0x3e6</run_address>
         <size>0xdf</size>
         <input_file_ref idref="fl-1"/>
      </object_component>
      <object_component id="oc-27c">
         <name>.debug_info</name>
         <load_address>0x4c5</load_address>
         <run_address>0x4c5</run_address>
         <size>0xe5</size>
         <input_file_ref idref="fl-1"/>
      </object_component>
      <object_component id="oc-282">
         <name>.debug_info</name>
         <load_address>0x5aa</load_address>
         <run_address>0x5aa</run_address>
         <size>0xe1</size>
         <input_file_ref idref="fl-1"/>
      </object_component>
      <object_component id="oc-291">
         <name>.debug_info</name>
         <load_address>0x68b</load_address>
         <run_address>0x68b</run_address>
         <size>0xd3</size>
         <input_file_ref idref="fl-1"/>
      </object_component>
      <object_component id="oc-28e">
         <name>.debug_info</name>
         <load_address>0x75e</load_address>
         <run_address>0x75e</run_address>
         <size>0xe1</size>
         <input_file_ref idref="fl-1"/>
      </object_component>
      <object_component id="oc-285">
         <name>.debug_info</name>
         <load_address>0x83f</load_address>
         <run_address>0x83f</run_address>
         <size>0xce</size>
         <input_file_ref idref="fl-1"/>
      </object_component>
      <object_component id="oc-288">
         <name>.debug_info</name>
         <load_address>0x90d</load_address>
         <run_address>0x90d</run_address>
         <size>0xce</size>
         <input_file_ref idref="fl-1"/>
      </object_component>
      <object_component id="oc-28b">
         <name>.debug_info</name>
         <load_address>0x9db</load_address>
         <run_address>0x9db</run_address>
         <size>0xce</size>
         <input_file_ref idref="fl-1"/>
      </object_component>
      <object_component id="oc-144">
         <name>.debug_info</name>
         <load_address>0xaa9</load_address>
         <run_address>0xaa9</run_address>
         <size>0x350</size>
         <input_file_ref idref="fl-1"/>
      </object_component>
      <object_component id="oc-17c">
         <name>.debug_info</name>
         <load_address>0xdf9</load_address>
         <run_address>0xdf9</run_address>
         <size>0x26b</size>
         <input_file_ref idref="fl-1"/>
      </object_component>
      <object_component id="oc-39">
         <name>.debug_info</name>
         <load_address>0x1064</load_address>
         <run_address>0x1064</run_address>
         <size>0x84</size>
         <input_file_ref idref="fl-1"/>
      </object_component>
      <object_component id="oc-2ac">
         <name>.debug_info</name>
         <load_address>0x10e8</load_address>
         <run_address>0x10e8</run_address>
         <size>0x297</size>
         <input_file_ref idref="fl-1"/>
      </object_component>
      <object_component id="oc-1c1">
         <name>.debug_info</name>
         <load_address>0x137f</load_address>
         <run_address>0x137f</run_address>
         <size>0xef</size>
         <input_file_ref idref="fl-1"/>
      </object_component>
      <object_component id="oc-175">
         <name>.debug_info</name>
         <load_address>0x146e</load_address>
         <run_address>0x146e</run_address>
         <size>0xbb</size>
         <input_file_ref idref="fl-1"/>
      </object_component>
      <object_component id="oc-1ed">
         <name>.debug_info</name>
         <load_address>0x1529</load_address>
         <run_address>0x1529</run_address>
         <size>0x2c</size>
         <input_file_ref idref="fl-2"/>
      </object_component>
      <object_component id="oc-e5">
         <name>.debug_info</name>
         <load_address>0x1555</load_address>
         <run_address>0x1555</run_address>
         <size>0xe20</size>
         <input_file_ref idref="fl-3"/>
      </object_component>
      <object_component id="oc-98">
         <name>.debug_info</name>
         <load_address>0x2375</load_address>
         <run_address>0x2375</run_address>
         <size>0x42b</size>
         <input_file_ref idref="fl-3"/>
      </object_component>
      <object_component id="oc-13b">
         <name>.debug_info</name>
         <load_address>0x27a0</load_address>
         <run_address>0x27a0</run_address>
         <size>0xc9</size>
         <input_file_ref idref="fl-3"/>
      </object_component>
      <object_component id="oc-141">
         <name>.debug_info</name>
         <load_address>0x2869</load_address>
         <run_address>0x2869</run_address>
         <size>0xd1</size>
         <input_file_ref idref="fl-3"/>
      </object_component>
      <object_component id="oc-138">
         <name>.debug_info</name>
         <load_address>0x293a</load_address>
         <run_address>0x293a</run_address>
         <size>0xd3</size>
         <input_file_ref idref="fl-3"/>
      </object_component>
      <object_component id="oc-14a">
         <name>.debug_info</name>
         <load_address>0x2a0d</load_address>
         <run_address>0x2a0d</run_address>
         <size>0xcb</size>
         <input_file_ref idref="fl-3"/>
      </object_component>
      <object_component id="oc-14d">
         <name>.debug_info</name>
         <load_address>0x2ad8</load_address>
         <run_address>0x2ad8</run_address>
         <size>0xcd</size>
         <input_file_ref idref="fl-3"/>
      </object_component>
      <object_component id="oc-13e">
         <name>.debug_info</name>
         <load_address>0x2ba5</load_address>
         <run_address>0x2ba5</run_address>
         <size>0xd1</size>
         <input_file_ref idref="fl-3"/>
      </object_component>
      <object_component id="oc-150">
         <name>.debug_info</name>
         <load_address>0x2c76</load_address>
         <run_address>0x2c76</run_address>
         <size>0xcd</size>
         <input_file_ref idref="fl-3"/>
      </object_component>
      <object_component id="oc-164">
         <name>.debug_info</name>
         <load_address>0x2d43</load_address>
         <run_address>0x2d43</run_address>
         <size>0xcb</size>
         <input_file_ref idref="fl-3"/>
      </object_component>
      <object_component id="oc-16d">
         <name>.debug_info</name>
         <load_address>0x2e0e</load_address>
         <run_address>0x2e0e</run_address>
         <size>0xd7</size>
         <input_file_ref idref="fl-3"/>
      </object_component>
      <object_component id="oc-167">
         <name>.debug_info</name>
         <load_address>0x2ee5</load_address>
         <run_address>0x2ee5</run_address>
         <size>0xd5</size>
         <input_file_ref idref="fl-3"/>
      </object_component>
      <object_component id="oc-16a">
         <name>.debug_info</name>
         <load_address>0x2fba</load_address>
         <run_address>0x2fba</run_address>
         <size>0xd5</size>
         <input_file_ref idref="fl-3"/>
      </object_component>
      <object_component id="oc-10e">
         <name>.debug_info</name>
         <load_address>0x308f</load_address>
         <run_address>0x308f</run_address>
         <size>0xcd</size>
         <input_file_ref idref="fl-3"/>
      </object_component>
      <object_component id="oc-111">
         <name>.debug_info</name>
         <load_address>0x315c</load_address>
         <run_address>0x315c</run_address>
         <size>0xcd</size>
         <input_file_ref idref="fl-3"/>
      </object_component>
      <object_component id="oc-f6">
         <name>.debug_info</name>
         <load_address>0x3229</load_address>
         <run_address>0x3229</run_address>
         <size>0xc5</size>
         <input_file_ref idref="fl-3"/>
      </object_component>
      <object_component id="oc-f9">
         <name>.debug_info</name>
         <load_address>0x32ee</load_address>
         <run_address>0x32ee</run_address>
         <size>0xc5</size>
         <input_file_ref idref="fl-3"/>
      </object_component>
      <object_component id="oc-fc">
         <name>.debug_info</name>
         <load_address>0x33b3</load_address>
         <run_address>0x33b3</run_address>
         <size>0xc5</size>
         <input_file_ref idref="fl-3"/>
      </object_component>
      <object_component id="oc-ff">
         <name>.debug_info</name>
         <load_address>0x3478</load_address>
         <run_address>0x3478</run_address>
         <size>0xc5</size>
         <input_file_ref idref="fl-3"/>
      </object_component>
      <object_component id="oc-102">
         <name>.debug_info</name>
         <load_address>0x353d</load_address>
         <run_address>0x353d</run_address>
         <size>0xc5</size>
         <input_file_ref idref="fl-3"/>
      </object_component>
      <object_component id="oc-105">
         <name>.debug_info</name>
         <load_address>0x3602</load_address>
         <run_address>0x3602</run_address>
         <size>0xc5</size>
         <input_file_ref idref="fl-3"/>
      </object_component>
      <object_component id="oc-108">
         <name>.debug_info</name>
         <load_address>0x36c7</load_address>
         <run_address>0x36c7</run_address>
         <size>0xc5</size>
         <input_file_ref idref="fl-3"/>
      </object_component>
      <object_component id="oc-10b">
         <name>.debug_info</name>
         <load_address>0x378c</load_address>
         <run_address>0x378c</run_address>
         <size>0xc5</size>
         <input_file_ref idref="fl-3"/>
      </object_component>
      <object_component id="oc-15e">
         <name>.debug_info</name>
         <load_address>0x3851</load_address>
         <run_address>0x3851</run_address>
         <size>0xd5</size>
         <input_file_ref idref="fl-3"/>
      </object_component>
      <object_component id="oc-161">
         <name>.debug_info</name>
         <load_address>0x3926</load_address>
         <run_address>0x3926</run_address>
         <size>0xd5</size>
         <input_file_ref idref="fl-3"/>
      </object_component>
      <object_component id="oc-d3">
         <name>.debug_info</name>
         <load_address>0x39fb</load_address>
         <run_address>0x39fb</run_address>
         <size>0xcd</size>
         <input_file_ref idref="fl-3"/>
      </object_component>
      <object_component id="oc-d6">
         <name>.debug_info</name>
         <load_address>0x3ac8</load_address>
         <run_address>0x3ac8</run_address>
         <size>0xcd</size>
         <input_file_ref idref="fl-3"/>
      </object_component>
      <object_component id="oc-d9">
         <name>.debug_info</name>
         <load_address>0x3b95</load_address>
         <run_address>0x3b95</run_address>
         <size>0xcd</size>
         <input_file_ref idref="fl-3"/>
      </object_component>
      <object_component id="oc-dc">
         <name>.debug_info</name>
         <load_address>0x3c62</load_address>
         <run_address>0x3c62</run_address>
         <size>0xcd</size>
         <input_file_ref idref="fl-3"/>
      </object_component>
      <object_component id="oc-df">
         <name>.debug_info</name>
         <load_address>0x3d2f</load_address>
         <run_address>0x3d2f</run_address>
         <size>0xcd</size>
         <input_file_ref idref="fl-3"/>
      </object_component>
      <object_component id="oc-e2">
         <name>.debug_info</name>
         <load_address>0x3dfc</load_address>
         <run_address>0x3dfc</run_address>
         <size>0xcd</size>
         <input_file_ref idref="fl-3"/>
      </object_component>
      <object_component id="oc-f2">
         <name>.debug_info</name>
         <load_address>0x3ec9</load_address>
         <run_address>0x3ec9</run_address>
         <size>0xcd</size>
         <input_file_ref idref="fl-3"/>
      </object_component>
      <object_component id="oc-135">
         <name>.debug_info</name>
         <load_address>0x3f96</load_address>
         <run_address>0x3f96</run_address>
         <size>0xcd</size>
         <input_file_ref idref="fl-3"/>
      </object_component>
      <object_component id="oc-153">
         <name>.debug_info</name>
         <load_address>0x4063</load_address>
         <run_address>0x4063</run_address>
         <size>0xcd</size>
         <input_file_ref idref="fl-3"/>
      </object_component>
      <object_component id="oc-156">
         <name>.debug_info</name>
         <load_address>0x4130</load_address>
         <run_address>0x4130</run_address>
         <size>0xcf</size>
         <input_file_ref idref="fl-3"/>
      </object_component>
      <object_component id="oc-8a">
         <name>.debug_info</name>
         <load_address>0x41ff</load_address>
         <run_address>0x41ff</run_address>
         <size>0x108</size>
         <input_file_ref idref="fl-3"/>
      </object_component>
      <object_component id="oc-91">
         <name>.debug_info</name>
         <load_address>0x4307</load_address>
         <run_address>0x4307</run_address>
         <size>0x106</size>
         <input_file_ref idref="fl-3"/>
      </object_component>
      <object_component id="oc-12e">
         <name>.debug_info</name>
         <load_address>0x440d</load_address>
         <run_address>0x440d</run_address>
         <size>0x16b</size>
         <input_file_ref idref="fl-3"/>
      </object_component>
      <object_component id="oc-2b">
         <name>.debug_info</name>
         <load_address>0x4578</load_address>
         <run_address>0x4578</run_address>
         <size>0x258a</size>
         <input_file_ref idref="fl-3"/>
      </object_component>
      <object_component id="oc-230">
         <name>.debug_info</name>
         <load_address>0x6b02</load_address>
         <run_address>0x6b02</run_address>
         <size>0x6bd</size>
         <input_file_ref idref="fl-3"/>
      </object_component>
      <object_component id="oc-170">
         <name>.debug_info</name>
         <load_address>0x71bf</load_address>
         <run_address>0x71bf</run_address>
         <size>0x8b</size>
         <input_file_ref idref="fl-3"/>
      </object_component>
      <object_component id="oc-32">
         <name>.debug_info</name>
         <load_address>0x724a</load_address>
         <run_address>0x724a</run_address>
         <size>0x2d2</size>
         <input_file_ref idref="fl-5"/>
      </object_component>
      <object_component id="oc-10">
         <name>.debug_info</name>
         <load_address>0x751c</load_address>
         <run_address>0x751c</run_address>
         <size>0xeb</size>
         <input_file_ref idref="fl-5"/>
      </object_component>
      <object_component id="oc-25">
         <name>.debug_info</name>
         <load_address>0x7607</load_address>
         <run_address>0x7607</run_address>
         <size>0x267</size>
         <input_file_ref idref="fl-5"/>
      </object_component>
      <object_component id="oc-1b2">
         <name>.debug_info</name>
         <load_address>0x786e</load_address>
         <run_address>0x786e</run_address>
         <size>0x352</size>
         <input_file_ref idref="fl-7"/>
      </object_component>
      <object_component id="oc-1d1">
         <name>.debug_info</name>
         <load_address>0x7bc0</load_address>
         <run_address>0x7bc0</run_address>
         <size>0x34e</size>
         <input_file_ref idref="fl-8"/>
      </object_component>
      <object_component id="oc-1c8">
         <name>.debug_info</name>
         <load_address>0x7f0e</load_address>
         <run_address>0x7f0e</run_address>
         <size>0xfe</size>
         <input_file_ref idref="fl-8"/>
      </object_component>
      <object_component id="oc-1cb">
         <name>.debug_info</name>
         <load_address>0x800c</load_address>
         <run_address>0x800c</run_address>
         <size>0x100</size>
         <input_file_ref idref="fl-8"/>
      </object_component>
      <object_component id="oc-1ce">
         <name>.debug_info</name>
         <load_address>0x810c</load_address>
         <run_address>0x810c</run_address>
         <size>0xf2</size>
         <input_file_ref idref="fl-8"/>
      </object_component>
      <object_component id="oc-78">
         <name>.debug_info</name>
         <load_address>0x81fe</load_address>
         <run_address>0x81fe</run_address>
         <size>0x2f4a</size>
         <input_file_ref idref="fl-8"/>
      </object_component>
      <object_component id="oc-269">
         <name>.debug_info</name>
         <load_address>0xb148</load_address>
         <run_address>0xb148</run_address>
         <size>0x33b</size>
         <input_file_ref idref="fl-9"/>
      </object_component>
      <object_component id="oc-257">
         <name>.debug_info</name>
         <load_address>0xb483</load_address>
         <run_address>0xb483</run_address>
         <size>0xed</size>
         <input_file_ref idref="fl-9"/>
      </object_component>
      <object_component id="oc-25a">
         <name>.debug_info</name>
         <load_address>0xb570</load_address>
         <run_address>0xb570</run_address>
         <size>0xe5</size>
         <input_file_ref idref="fl-9"/>
      </object_component>
      <object_component id="oc-25d">
         <name>.debug_info</name>
         <load_address>0xb655</load_address>
         <run_address>0xb655</run_address>
         <size>0xe9</size>
         <input_file_ref idref="fl-9"/>
      </object_component>
      <object_component id="oc-260">
         <name>.debug_info</name>
         <load_address>0xb73e</load_address>
         <run_address>0xb73e</run_address>
         <size>0xef</size>
         <input_file_ref idref="fl-9"/>
      </object_component>
      <object_component id="oc-263">
         <name>.debug_info</name>
         <load_address>0xb82d</load_address>
         <run_address>0xb82d</run_address>
         <size>0xed</size>
         <input_file_ref idref="fl-9"/>
      </object_component>
      <object_component id="oc-266">
         <name>.debug_info</name>
         <load_address>0xb91a</load_address>
         <run_address>0xb91a</run_address>
         <size>0xf1</size>
         <input_file_ref idref="fl-9"/>
      </object_component>
      <object_component id="oc-254">
         <name>.debug_info</name>
         <load_address>0xba0b</load_address>
         <run_address>0xba0b</run_address>
         <size>0xee</size>
         <input_file_ref idref="fl-9"/>
      </object_component>
      <object_component id="oc-114">
         <name>.debug_info</name>
         <load_address>0xbaf9</load_address>
         <run_address>0xbaf9</run_address>
         <size>0xd32</size>
         <input_file_ref idref="fl-9"/>
      </object_component>
      <object_component id="oc-1c6">
         <name>.debug_info</name>
         <load_address>0xc82b</load_address>
         <run_address>0xc82b</run_address>
         <size>0x3c0</size>
         <input_file_ref idref="fl-b"/>
      </object_component>
      <object_component id="oc-1b8">
         <name>.debug_info</name>
         <load_address>0xcbeb</load_address>
         <run_address>0xcbeb</run_address>
         <size>0xe4</size>
         <input_file_ref idref="fl-b"/>
      </object_component>
      <object_component id="oc-1be">
         <name>.debug_info</name>
         <load_address>0xcccf</load_address>
         <run_address>0xcccf</run_address>
         <size>0xf0</size>
         <input_file_ref idref="fl-b"/>
      </object_component>
      <object_component id="oc-1af">
         <name>.debug_info</name>
         <load_address>0xcdbf</load_address>
         <run_address>0xcdbf</run_address>
         <size>0xea</size>
         <input_file_ref idref="fl-b"/>
      </object_component>
      <object_component id="oc-1bb">
         <name>.debug_info</name>
         <load_address>0xcea9</load_address>
         <run_address>0xcea9</run_address>
         <size>0xf7</size>
         <input_file_ref idref="fl-b"/>
      </object_component>
      <object_component id="oc-72">
         <name>.debug_info</name>
         <load_address>0xcfa0</load_address>
         <run_address>0xcfa0</run_address>
         <size>0x2bfc</size>
         <input_file_ref idref="fl-b"/>
      </object_component>
      <object_component id="oc-30a">
         <name>.debug_info</name>
         <load_address>0xfb9c</load_address>
         <run_address>0xfb9c</run_address>
         <size>0x51</size>
         <input_file_ref idref="fl-b"/>
      </object_component>
      <object_component id="oc-23c">
         <name>.debug_info</name>
         <load_address>0xfbed</load_address>
         <run_address>0xfbed</run_address>
         <size>0x34b</size>
         <input_file_ref idref="fl-c"/>
      </object_component>
      <object_component id="oc-236">
         <name>.debug_info</name>
         <load_address>0xff38</load_address>
         <run_address>0xff38</run_address>
         <size>0xf1</size>
         <input_file_ref idref="fl-c"/>
      </object_component>
      <object_component id="oc-239">
         <name>.debug_info</name>
         <load_address>0x10029</load_address>
         <run_address>0x10029</run_address>
         <size>0x103</size>
         <input_file_ref idref="fl-c"/>
      </object_component>
      <object_component id="oc-e9">
         <name>.debug_info</name>
         <load_address>0x1012c</load_address>
         <run_address>0x1012c</run_address>
         <size>0x2515</size>
         <input_file_ref idref="fl-c"/>
      </object_component>
      <object_component id="oc-1d9">
         <name>.debug_info</name>
         <load_address>0x12641</load_address>
         <run_address>0x12641</run_address>
         <size>0x361</size>
         <input_file_ref idref="fl-d"/>
      </object_component>
      <object_component id="oc-1d3">
         <name>.debug_info</name>
         <load_address>0x129a2</load_address>
         <run_address>0x129a2</run_address>
         <size>0xee</size>
         <input_file_ref idref="fl-d"/>
      </object_component>
      <object_component id="oc-1d6">
         <name>.debug_info</name>
         <load_address>0x12a90</load_address>
         <run_address>0x12a90</run_address>
         <size>0x100</size>
         <input_file_ref idref="fl-d"/>
      </object_component>
      <object_component id="oc-7e">
         <name>.debug_info</name>
         <load_address>0x12b90</load_address>
         <run_address>0x12b90</run_address>
         <size>0x2954</size>
         <input_file_ref idref="fl-d"/>
      </object_component>
      <object_component id="oc-1ec">
         <name>.debug_info</name>
         <load_address>0x154e4</load_address>
         <run_address>0x154e4</run_address>
         <size>0x3ec</size>
         <input_file_ref idref="fl-e"/>
      </object_component>
      <object_component id="oc-1de">
         <name>.debug_info</name>
         <load_address>0x158d0</load_address>
         <run_address>0x158d0</run_address>
         <size>0xe3</size>
         <input_file_ref idref="fl-e"/>
      </object_component>
      <object_component id="oc-1e9">
         <name>.debug_info</name>
         <load_address>0x159b3</load_address>
         <run_address>0x159b3</run_address>
         <size>0xdd</size>
         <input_file_ref idref="fl-e"/>
      </object_component>
      <object_component id="oc-1e1">
         <name>.debug_info</name>
         <load_address>0x15a90</load_address>
         <run_address>0x15a90</run_address>
         <size>0xeb</size>
         <input_file_ref idref="fl-e"/>
      </object_component>
      <object_component id="oc-1db">
         <name>.debug_info</name>
         <load_address>0x15b7b</load_address>
         <run_address>0x15b7b</run_address>
         <size>0xef</size>
         <input_file_ref idref="fl-e"/>
      </object_component>
      <object_component id="oc-84">
         <name>.debug_info</name>
         <load_address>0x15c6a</load_address>
         <run_address>0x15c6a</run_address>
         <size>0x7ea</size>
         <input_file_ref idref="fl-e"/>
      </object_component>
      <object_component id="oc-21b">
         <name>.debug_info</name>
         <load_address>0x16454</load_address>
         <run_address>0x16454</run_address>
         <size>0x2f0</size>
         <input_file_ref idref="fl-c9"/>
      </object_component>
      <object_component id="oc-ad">
         <name>.debug_info</name>
         <load_address>0x16744</load_address>
         <run_address>0x16744</run_address>
         <size>0x1b9</size>
         <input_file_ref idref="fl-c9"/>
      </object_component>
      <object_component id="oc-33a">
         <name>.debug_info</name>
         <load_address>0x168fd</load_address>
         <run_address>0x168fd</run_address>
         <size>0x39</size>
         <input_file_ref idref="fl-c9"/>
      </object_component>
      <object_component id="oc-204">
         <name>.debug_info</name>
         <load_address>0x16936</load_address>
         <run_address>0x16936</run_address>
         <size>0x2c</size>
         <input_file_ref idref="fl-c9"/>
      </object_component>
      <object_component id="oc-203">
         <name>.debug_info</name>
         <load_address>0x16962</load_address>
         <run_address>0x16962</run_address>
         <size>0x2b5</size>
         <input_file_ref idref="fl-ca"/>
      </object_component>
      <object_component id="oc-a2">
         <name>.debug_info</name>
         <load_address>0x16c17</load_address>
         <run_address>0x16c17</run_address>
         <size>0x1ee</size>
         <input_file_ref idref="fl-ca"/>
      </object_component>
      <object_component id="oc-218">
         <name>.debug_info</name>
         <load_address>0x16e05</load_address>
         <run_address>0x16e05</run_address>
         <size>0x36c</size>
         <input_file_ref idref="fl-cb"/>
      </object_component>
      <object_component id="oc-210">
         <name>.debug_info</name>
         <load_address>0x17171</load_address>
         <run_address>0x17171</run_address>
         <size>0x12d</size>
         <input_file_ref idref="fl-cb"/>
      </object_component>
      <object_component id="oc-a9">
         <name>.debug_info</name>
         <load_address>0x1729e</load_address>
         <run_address>0x1729e</run_address>
         <size>0x327</size>
         <input_file_ref idref="fl-cb"/>
      </object_component>
      <object_component id="oc-349">
         <name>.debug_info</name>
         <load_address>0x175c5</load_address>
         <run_address>0x175c5</run_address>
         <size>0x46</size>
         <input_file_ref idref="fl-cb"/>
      </object_component>
      <object_component id="oc-213">
         <name>.debug_info</name>
         <load_address>0x1760b</load_address>
         <run_address>0x1760b</run_address>
         <size>0x39</size>
         <input_file_ref idref="fl-cb"/>
      </object_component>
      <object_component id="oc-1fb">
         <name>.debug_info</name>
         <load_address>0x17644</load_address>
         <run_address>0x17644</run_address>
         <size>0x2cf</size>
         <input_file_ref idref="fl-cc"/>
      </object_component>
      <object_component id="oc-9c">
         <name>.debug_info</name>
         <load_address>0x17913</load_address>
         <run_address>0x17913</run_address>
         <size>0x175</size>
         <input_file_ref idref="fl-cc"/>
      </object_component>
      <object_component id="oc-3a3">
         <name>.debug_info</name>
         <load_address>0x17a88</load_address>
         <run_address>0x17a88</run_address>
         <size>0x2fc</size>
         <input_file_ref idref="fl-cd"/>
      </object_component>
      <object_component id="oc-335">
         <name>.debug_info</name>
         <load_address>0x17d84</load_address>
         <run_address>0x17d84</run_address>
         <size>0x136</size>
         <input_file_ref idref="fl-cd"/>
      </object_component>
      <object_component id="oc-1fd">
         <name>.debug_info</name>
         <load_address>0x17eba</load_address>
         <run_address>0x17eba</run_address>
         <size>0x1b1</size>
         <input_file_ref idref="fl-cd"/>
      </object_component>
      <object_component id="oc-bc">
         <name>.debug_info</name>
         <load_address>0x1806b</load_address>
         <run_address>0x1806b</run_address>
         <size>0x175</size>
         <input_file_ref idref="fl-ce"/>
      </object_component>
      <object_component id="oc-346">
         <name>.debug_info</name>
         <load_address>0x181e0</load_address>
         <run_address>0x181e0</run_address>
         <size>0x304</size>
         <input_file_ref idref="fl-cf"/>
      </object_component>
      <object_component id="oc-20b">
         <name>.debug_info</name>
         <load_address>0x184e4</load_address>
         <run_address>0x184e4</run_address>
         <size>0x1d0</size>
         <input_file_ref idref="fl-cf"/>
      </object_component>
      <object_component id="oc-b6">
         <name>.debug_info</name>
         <load_address>0x186b4</load_address>
         <run_address>0x186b4</run_address>
         <size>0x186</size>
         <input_file_ref idref="fl-d0"/>
      </object_component>
      <object_component id="oc-ca">
         <name>.debug_info</name>
         <load_address>0x1883a</load_address>
         <run_address>0x1883a</run_address>
         <size>0x150</size>
         <input_file_ref idref="fl-d1"/>
      </object_component>
      <object_component id="oc-12a">
         <name>.debug_info</name>
         <load_address>0x1898a</load_address>
         <run_address>0x1898a</run_address>
         <size>0x12c</size>
         <input_file_ref idref="fl-d2"/>
      </object_component>
      <object_component id="oc-11b">
         <name>.debug_info</name>
         <load_address>0x18ab6</load_address>
         <run_address>0x18ab6</run_address>
         <size>0x12e</size>
         <input_file_ref idref="fl-d2"/>
      </object_component>
      <object_component id="oc-126">
         <name>.debug_info</name>
         <load_address>0x18be4</load_address>
         <run_address>0x18be4</run_address>
         <size>0x13e</size>
         <input_file_ref idref="fl-d3"/>
      </object_component>
      <object_component id="oc-c4">
         <name>.debug_info</name>
         <load_address>0x18d22</load_address>
         <run_address>0x18d22</run_address>
         <size>0x13e</size>
         <input_file_ref idref="fl-d4"/>
      </object_component>
      <object_component id="oc-159">
         <name>.debug_info</name>
         <load_address>0x18e60</load_address>
         <run_address>0x18e60</run_address>
         <size>0x132</size>
         <input_file_ref idref="fl-d5"/>
      </object_component>
      <object_component id="oc-ce">
         <name>.debug_info</name>
         <load_address>0x18f92</load_address>
         <run_address>0x18f92</run_address>
         <size>0x142</size>
         <input_file_ref idref="fl-d6"/>
      </object_component>
      <object_component id="oc-bf">
         <name>.debug_info</name>
         <load_address>0x190d4</load_address>
         <run_address>0x190d4</run_address>
         <size>0x130</size>
         <input_file_ref idref="fl-d7"/>
      </object_component>
      <object_component id="oc-11f">
         <name>.debug_info</name>
         <load_address>0x19204</load_address>
         <run_address>0x19204</run_address>
         <size>0x130</size>
         <input_file_ref idref="fl-d8"/>
      </object_component>
      <object_component id="oc-3f">
         <name>.debug_info</name>
         <load_address>0x19334</load_address>
         <run_address>0x19334</run_address>
         <size>0x11d</size>
         <input_file_ref idref="fl-d9"/>
      </object_component>
      <object_component id="oc-1e4">
         <name>.debug_info</name>
         <load_address>0x19451</load_address>
         <run_address>0x19451</run_address>
         <size>0x146</size>
         <input_file_ref idref="fl-da"/>
      </object_component>
      <object_component id="oc-195">
         <name>.debug_info</name>
         <load_address>0x19597</load_address>
         <run_address>0x19597</run_address>
         <size>0x2d8</size>
         <input_file_ref idref="fl-db"/>
      </object_component>
      <object_component id="oc-4b">
         <name>.debug_info</name>
         <load_address>0x1986f</load_address>
         <run_address>0x1986f</run_address>
         <size>0x1c3</size>
         <input_file_ref idref="fl-db"/>
      </object_component>
      <object_component id="oc-190">
         <name>.debug_info</name>
         <load_address>0x19a32</load_address>
         <run_address>0x19a32</run_address>
         <size>0x46</size>
         <input_file_ref idref="fl-db"/>
      </object_component>
      <object_component id="oc-2b8">
         <name>.debug_info</name>
         <load_address>0x19a78</load_address>
         <run_address>0x19a78</run_address>
         <size>0x2c</size>
         <input_file_ref idref="fl-db"/>
      </object_component>
      <object_component id="oc-49">
         <name>.debug_info</name>
         <load_address>0x19aa4</load_address>
         <run_address>0x19aa4</run_address>
         <size>0x2ac</size>
         <input_file_ref idref="fl-dc"/>
      </object_component>
      <object_component id="oc-19">
         <name>.debug_info</name>
         <load_address>0x19d50</load_address>
         <run_address>0x19d50</run_address>
         <size>0x1ee</size>
         <input_file_ref idref="fl-dc"/>
      </object_component>
      <object_component id="oc-44">
         <name>.debug_info</name>
         <load_address>0x19f3e</load_address>
         <run_address>0x19f3e</run_address>
         <size>0x46</size>
         <input_file_ref idref="fl-dc"/>
      </object_component>
      <object_component id="oc-188">
         <name>.debug_info</name>
         <load_address>0x19f84</load_address>
         <run_address>0x19f84</run_address>
         <size>0x2c</size>
         <input_file_ref idref="fl-dc"/>
      </object_component>
      <object_component id="oc-186">
         <name>.debug_info</name>
         <load_address>0x19fb0</load_address>
         <run_address>0x19fb0</run_address>
         <size>0x2a2</size>
         <input_file_ref idref="fl-dd"/>
      </object_component>
      <object_component id="oc-13">
         <name>.debug_info</name>
         <load_address>0x1a252</load_address>
         <run_address>0x1a252</run_address>
         <size>0x254</size>
         <input_file_ref idref="fl-dd"/>
      </object_component>
      <object_component id="oc-34">
         <name>.debug_info</name>
         <load_address>0x1a4a6</load_address>
         <run_address>0x1a4a6</run_address>
         <size>0x60</size>
         <input_file_ref idref="fl-dd"/>
      </object_component>
      <object_component id="oc-2b1">
         <name>.debug_info</name>
         <load_address>0x1a506</load_address>
         <run_address>0x1a506</run_address>
         <size>0x46</size>
         <input_file_ref idref="fl-dd"/>
      </object_component>
      <object_component id="oc-181">
         <name>.debug_info</name>
         <load_address>0x1a54c</load_address>
         <run_address>0x1a54c</run_address>
         <size>0x39</size>
         <input_file_ref idref="fl-dd"/>
      </object_component>
      <object_component id="oc-331">
         <name>.debug_info</name>
         <load_address>0x1a585</load_address>
         <run_address>0x1a585</run_address>
         <size>0x28d</size>
         <input_file_ref idref="fl-de"/>
      </object_component>
      <object_component id="oc-32e">
         <name>.debug_info</name>
         <load_address>0x1a812</load_address>
         <run_address>0x1a812</run_address>
         <size>0x112</size>
         <input_file_ref idref="fl-de"/>
      </object_component>
      <object_component id="oc-1f5">
         <name>.debug_info</name>
         <load_address>0x1a924</load_address>
         <run_address>0x1a924</run_address>
         <size>0x152</size>
         <input_file_ref idref="fl-de"/>
      </object_component>
      <object_component id="oc-22">
         <name>.debug_info</name>
         <load_address>0x1aa76</load_address>
[...]
         <name>TimerIntRegister</name>
         <value>0x4e33</value>
         <object_component_ref idref="oc-e8"/>
      </symbol>
      <symbol id="sm-7c7">
         <name>TimerMatchSet64</name>
         <value>0x4de7</value>
         <object_component_ref idref="oc-e8"/>
      </symbol>
      <symbol id="sm-7c8">
         <name>TimerEnable</name>
         <value>0x49af</value>
         <object_component_ref idref="oc-e8"/>
      </symbol>
      <symbol id="sm-7c9">
         <name>TimerLoadGet64</name>
         <value>0x4d21</value>
         <object_component_ref idref="oc-e8"/>
      </symbol>
      <symbol id="sm-7ca">
         <name>TimerIntUnregister</name>
         <value>0x4e5b</value>
         <object_component_ref idref="oc-e8"/>
      </symbol>
      <symbol id="sm-7cb">
         <name>TimerValueGet64</name>
         <value>0x4d6f</value>
         <object_component_ref idref="oc-e8"/>
      </symbol>
      <symbol id="sm-7cc">
         <name>TimerMatchGet</name>
         <value>0x4dcb</value>
         <object_component_ref idref="oc-e8"/>
      </symbol>
      <symbol id="sm-7cd">
         <name>TimerIntStatus</name>
         <value>0x4ea9</value>
         <object_component_ref idref="oc-e8"/>
      </symbol>
      <symbol id="sm-7ce">
         <name>TimerClockSourceGet</name>
         <value>0x4c21</value>
         <object_component_ref idref="oc-e8"/>
      </symbol>
      <symbol id="sm-7cf">
         <name>TimerIntDisable</name>
         <value>0x4e91</value>
         <object_component_ref idref="oc-e8"/>
      </symbol>
      <symbol id="sm-7d0">
         <name>TimerValueGet</name>
         <value>0x4d53</value>
         <object_component_ref idref="oc-e8"/>
      </symbol>
      <symbol id="sm-7d1">
         <name>TimerControlTrigger</name>
         <value>0x4a9d</value>
         <object_component_ref idref="oc-e8"/>
      </symbol>
      <symbol id="sm-7d2">
         <name>TimerPrescaleSet</name>
         <value>0x4c31</value>
         <object_component_ref idref="oc-e8"/>
      </symbol>
      <symbol id="sm-7d3">
         <name>TimerControlStall</name>
         <value>0x4b35</value>
         <object_component_ref idref="oc-e8"/>
      </symbol>
      <symbol id="sm-7d4">
         <name>TimerMatchGet64</name>
         <value>0x4e01</value>
         <object_component_ref idref="oc-e8"/>
      </symbol>
      <symbol id="sm-7d5">
         <name>TimerRTCEnable</name>
         <value>0x4bcb</value>
         <object_component_ref idref="oc-e8"/>
      </symbol>
      <symbol id="sm-7d6">
         <name>TimerLoadGet</name>
         <value>0x4ceb</value>
         <object_component_ref idref="oc-e8"/>
      </symbol>
      <symbol id="sm-7d7">
         <name>TimerIntEnable</name>
         <value>0x4e79</value>
         <object_component_ref idref="oc-e8"/>
      </symbol>
      <symbol id="sm-7d8">
         <name>TimerClockSourceSet</name>
         <value>0x4bf7</value>
         <object_component_ref idref="oc-e8"/>
      </symbol>
      <symbol id="sm-7d9">
         <name>TimerLoadSet64</name>
         <value>0x4d07</value>
         <object_component_ref idref="oc-e8"/>
      </symbol>
      <symbol id="sm-7da">
         <name>TimerDMAEventGet</name>
         <value>0x4f1d</value>
         <object_component_ref idref="oc-e8"/>
      </symbol>
      <symbol id="sm-7db">
         <name>TimerRTCDisable</name>
         <value>0x4be1</value>
         <object_component_ref idref="oc-e8"/>
      </symbol>
      <symbol id="sm-7dc">
         <name>TimerADCEventGet</name>
         <value>0x4efd</value>
         <object_component_ref idref="oc-e8"/>
      </symbol>
      <symbol id="sm-7dd">
         <name>TimerPrescaleMatchSet</name>
         <value>0x4c77</value>
         <object_component_ref idref="oc-e8"/>
      </symbol>
      <symbol id="sm-7de">
         <name>TimerControlWaitOnTrigger</name>
         <value>0x4b6b</value>
         <object_component_ref idref="oc-e8"/>
      </symbol>
      <symbol id="sm-7df">
         <name>TimerConfigure</name>
         <value>0x49eb</value>
         <object_component_ref idref="oc-e8"/>
      </symbol>
      <symbol id="sm-7e0">
         <name>TimerControlEvent</name>
         <value>0x4b0b</value>
         <object_component_ref idref="oc-e8"/>
      </symbol>
      <symbol id="sm-7e1">
         <name>TimerIntClear</name>
         <value>0x4ec7</value>
         <object_component_ref idref="oc-e8"/>
      </symbol>
      <symbol id="sm-7e2">
         <name>TimerSynchronize</name>
         <value>0x4ed9</value>
         <object_component_ref idref="oc-e8"/>
      </symbol>
      <symbol id="sm-85f">
         <name>UARTClockSourceGet</name>
         <value>0x486b</value>
         <object_component_ref idref="oc-7d"/>
      </symbol>
      <symbol id="sm-860">
         <name>UARTCharPutNonBlocking</name>
         <value>0x46df</value>
         <object_component_ref idref="oc-7d"/>
      </symbol>
      <symbol id="sm-861">
         <name>UARTDMAEnable</name>
         <value>0x4805</value>
         <object_component_ref idref="oc-7d"/>
      </symbol>
      <symbol id="sm-862">
         <name>UARTTxIntModeSet</name>
         <value>0x45d1</value>
         <object_component_ref idref="oc-7d"/>
      </symbol>
      <symbol id="sm-863">
         <name>UARTFIFODisable</name>
         <value>0x447f</value>
         <object_component_ref idref="oc-7d"/>
      </symbol>
      <symbol id="sm-864">
         <name>UARTIntUnregister</name>
         <value>0x478b</value>
         <object_component_ref idref="oc-7d"/>
      </symbol>
      <symbol id="sm-865">
         <name>UARTRxErrorClear</name>
         <value>0x4847</value>
         <object_component_ref idref="oc-7d"/>
      </symbol>
      <symbol id="sm-866">
         <name>UARTModemControlSet</name>
         <value>0x4521</value>
         <object_component_ref idref="oc-7d"/>
      </symbol>
      <symbol id="sm-867">
         <name>UARTFlowControlSet</name>
         <value>0x45a3</value>
         <object_component_ref idref="oc-7d"/>
      </symbol>
      <symbol id="sm-868">
         <name>UARTConfigSetExpClk</name>
         <value>0x4359</value>
         <object_component_ref idref="oc-7d"/>
      </symbol>
      <symbol id="sm-869">
         <name>UARTSmartCardDisable</name>
         <value>0x450b</value>
         <object_component_ref idref="oc-7d"/>
      </symbol>
      <symbol id="sm-86a">
         <name>UARTDisable</name>
         <value>0x443f</value>
         <object_component_ref idref="oc-7d"/>
      </symbol>
      <symbol id="sm-86b">
         <name>UART9BitDisable</name>
         <value>0x4891</value>
         <object_component_ref idref="oc-7d"/>
      </symbol>
      <symbol id="sm-86c">
         <name>UARTFIFOLevelGet</name>
         <value>0x4331</value>
         <object_component_ref idref="oc-7d"/>
      </symbol>
      <symbol id="sm-86d">
         <name>UARTBusy</name>
         <value>0x474f</value>
         <object_component_ref idref="oc-7d"/>
      </symbol>
      <symbol id="sm-86e">
         <name>UARTDisableSIR</name>
         <value>0x44c3</value>
         <object_component_ref idref="oc-7d"/>
      </symbol>
      <symbol id="sm-86f">
         <name>UARTLoopbackEnable</name>
         <value>0x4915</value>
         <object_component_ref idref="oc-7d"/>
      </symbol>
      <symbol id="sm-870">
         <name>UARTIntEnable</name>
         <value>0x47a5</value>
         <object_component_ref idref="oc-7d"/>
      </symbol>
      <symbol id="sm-871">
         <name>UARTCharsAvail</name>
         <value>0x45ff</value>
         <object_component_ref idref="oc-7d"/>
      </symbol>
      <symbol id="sm-872">
         <name>UARTCharGetNonBlocking</name>
         <value>0x463b</value>
         <object_component_ref idref="oc-7d"/>
      </symbol>
      <symbol id="sm-873">
         <name>UARTClockSourceSet</name>
         <value>0x4857</value>
         <object_component_ref idref="oc-7d"/>
      </symbol>
      <symbol id="sm-874">
         <name>UARTTxIntModeGet</name>
         <value>0x45ed</value>
         <object_component_ref idref="oc-7d"/>
      </symbol>
      <symbol id="sm-875">
         <name>UARTModemStatusGet</name>
         <value>0x458f</value>
         <object_component_ref idref="oc-7d"/>
      </symbol>
      <symbol id="sm-876">
         <name>UARTIntDisable</name>
         <value>0x47bd</value>
         <object_component_ref idref="oc-7d"/>
      </symbol>
      <symbol id="sm-877">
         <name>UARTCharPut</name>
         <value>0x4703</value>
         <object_component_ref idref="oc-7d"/>
      </symbol>
      <symbol id="sm-878">
         <name>UARTParityModeSet</name>
         <value>0x42eb</value>
         <object_component_ref idref="oc-7d"/>
      </symbol>
      <symbol id="sm-879">
         <name>UARTRxErrorGet</name>
         <value>0x4835</value>
         <object_component_ref idref="oc-7d"/>
      </symbol>
      <symbol id="sm-87a">
         <name>UARTConfigGetExpClk</name>
         <value>0x43cf</value>
         <object_component_ref idref="oc-7d"/>
      </symbol>
      <symbol id="sm-87b">
         <name>UARTEnableSIR</name>
         <value>0x4495</value>
         <object_component_ref idref="oc-7d"/>
      </symbol>
      <symbol id="sm-87c">
         <name>UARTCharGetICS</name>
         <value>0x4671</value>
         <object_component_ref idref="oc-7d"/>
      </symbol>
      <symbol id="sm-87d">
         <name>UARTEnable</name>
         <value>0x441b</value>
         <object_component_ref idref="oc-7d"/>
      </symbol>
      <symbol id="sm-87e">
         <name>UART9BitAddrSend</name>
         <value>0x48cd</value>
         <object_component_ref idref="oc-7d"/>
      </symbol>
      <symbol id="sm-87f">
         <name>UARTModemControlGet</name>
         <value>0x457d</value>
         <object_component_ref idref="oc-7d"/>
      </symbol>
      <symbol id="sm-880">
         <name>UARTSmartCardEnable</name>
         <value>0x44d9</value>
         <object_component_ref idref="oc-7d"/>
      </symbol>
      <symbol id="sm-881">
         <name>UARTFlowControlGet</name>
         <value>0x45bf</value>
         <object_component_ref idref="oc-7d"/>
      </symbol>
      <symbol id="sm-882">
         <name>UARTFIFOEnable</name>
         <value>0x4469</value>
         <object_component_ref idref="oc-7d"/>
      </symbol>
      <symbol id="sm-883">
         <name>UARTIntClear</name>
         <value>0x47f3</value>
         <object_component_ref idref="oc-7d"/>
      </symbol>
      <symbol id="sm-884">
         <name>UARTIntStatus</name>
         <value>0x47d5</value>
         <object_component_ref idref="oc-7d"/>
      </symbol>
      <symbol id="sm-885">
         <name>UARTCharGetICS2</name>
         <value>0x46a1</value>
         <object_component_ref idref="oc-7d"/>
      </symbol>
      <symbol id="sm-886">
         <name>UARTDMADisable</name>
         <value>0x481d</value>
         <object_component_ref idref="oc-7d"/>
      </symbol>
      <symbol id="sm-887">
         <name>UART9BitEnable</name>
         <value>0x487b</value>
         <object_component_ref idref="oc-7d"/>
      </symbol>
      <symbol id="sm-888">
         <name>UARTSpaceAvail</name>
         <value>0x461d</value>
         <object_component_ref idref="oc-7d"/>
      </symbol>
      <symbol id="sm-889">
         <name>UARTCharGet</name>
         <value>0x4657</value>
         <object_component_ref idref="oc-7d"/>
      </symbol>
      <symbol id="sm-88a">
         <name>UARTFIFOLevelSet</name>
         <value>0x4319</value>
         <object_component_ref idref="oc-7d"/>
      </symbol>
      <symbol id="sm-88b">
         <name>UARTModemControlClear</name>
         <value>0x4559</value>
         <object_component_ref idref="oc-7d"/>
      </symbol>
      <symbol id="sm-88c">
         <name>UARTParityModeGet</name>
         <value>0x4307</value>
         <object_component_ref idref="oc-7d"/>
      </symbol>
      <symbol id="sm-88d">
         <name>UARTIntRegister</name>
         <value>0x476d</value>
         <object_component_ref idref="oc-7d"/>
      </symbol>
      <symbol id="sm-88e">
         <name>UARTBreakCtl</name>
         <value>0x4725</value>
         <object_component_ref idref="oc-7d"/>
      </symbol>
      <symbol id="sm-88f">
         <name>UART9BitAddrSet</name>
         <value>0x48a7</value>
         <object_component_ref idref="oc-7d"/>
      </symbol>
      <symbol id="sm-8fb">
         <name>UARTgetc</name>
         <value>0x5637</value>
         <object_component_ref idref="oc-83"/>
      </symbol>
      <symbol id="sm-8fc">
         <name>UARTgets</name>
         <value>0x5599</value>
         <object_component_ref idref="oc-83"/>
      </symbol>
      <symbol id="sm-8fd">
         <name>UARTStdioConfig</name>
         <value>0x550d</value>
         <object_component_ref idref="oc-83"/>
      </symbol>
      <symbol id="sm-8fe">
         <name>UARTwrite</name>
         <value>0x5553</value>
         <object_component_ref idref="oc-83"/>
      </symbol>
      <symbol id="sm-8ff">
         <name>UARTprintf</name>
         <value>0x594f</value>
         <object_component_ref idref="oc-83"/>
      </symbol>
      <symbol id="sm-900">
         <name>UARTvprintf</name>
         <value>0x5655</value>
         <object_component_ref idref="oc-83"/>
      </symbol>
      <symbol id="sm-92e">
         <name>acosf</name>
         <value>0x62d1</value>
         <object_component_ref idref="oc-ac"/>
      </symbol>
      <symbol id="sm-960">
         <name>atan2f</name>
         <value>0x6469</value>
         <object_component_ref idref="oc-a0"/>
      </symbol>
      <symbol id="sm-9ce">
         <name>powf</name>
         <value>0x4f81</value>
         <object_component_ref idref="oc-a6"/>
      </symbol>
      <symbol id="sm-9de">
         <name>sqrtf</name>
         <value>0x6f95</value>
         <object_component_ref idref="oc-9a"/>
      </symbol>
      <symbol id="sm-a0b">
         <name>atanf</name>
         <value>0x65c1</value>
         <object_component_ref idref="oc-1fc"/>
      </symbol>
      <symbol id="sm-a1f">
         <name>cosf</name>
         <value>0x6a15</value>
         <object_component_ref idref="oc-b8"/>
      </symbol>
      <symbol id="sm-a3c">
         <name>scalbnf</name>
         <value>0x6945</value>
         <object_component_ref idref="oc-209"/>
      </symbol>
      <symbol id="sm-a3d">
         <name>ldexpf</name>
         <value>0x6945</value>
         <object_component_ref idref="oc-209"/>
      </symbol>
      <symbol id="sm-a4f">
         <name>sinf</name>
         <value>0x6ac9</value>
         <object_component_ref idref="oc-b2"/>
      </symbol>
      <symbol id="sm-a66">
         <name>__aeabi_dsub</name>
         <value>0x6119</value>
         <object_component_ref idref="oc-c8"/>
      </symbol>
      <symbol id="sm-a67">
         <name>__aeabi_dadd</name>
         <value>0x6123</value>
         <object_component_ref idref="oc-c8"/>
      </symbol>
      <symbol id="sm-a89">
         <name>__aeabi_cdcmpeq</name>
         <value>0x6c09</value>
         <object_component_ref idref="oc-128"/>
      </symbol>
      <symbol id="sm-a8a">
         <name>__aeabi_cdcmple</name>
         <value>0x6c09</value>
         <object_component_ref idref="oc-128"/>
      </symbol>
      <symbol id="sm-a8b">
         <name>__aeabi_cdrcmple</name>
         <value>0x6c8f</value>
         <object_component_ref idref="oc-119"/>
      </symbol>
      <symbol id="sm-a9f">
         <name>__aeabi_ddiv</name>
         <value>0x6711</value>
         <object_component_ref idref="oc-123"/>
      </symbol>
      <symbol id="sm-aaa">
         <name>__aeabi_dmul</name>
         <value>0x6847</value>
         <object_component_ref idref="oc-c3"/>
      </symbol>
      <symbol id="sm-ab4">
         <name>__aeabi_d2iz</name>
         <value>0x6deb</value>
         <object_component_ref idref="oc-158"/>
      </symbol>
      <symbol id="sm-ac0">
         <name>__aeabi_d2f</name>
         <value>0x6d15</value>
         <object_component_ref idref="oc-cd"/>
      </symbol>
      <symbol id="sm-acb">
         <name>__aeabi_f2d</name>
         <value>0x6ef7</value>
         <object_component_ref idref="oc-be"/>
      </symbol>
      <symbol id="sm-ad5">
         <name>__aeabi_i2d</name>
         <value>0x6f65</value>
         <object_component_ref idref="oc-11e"/>
      </symbol>
      <symbol id="sm-af0">
         <name>memcpy</name>
         <value>0x6b6d</value>
         <object_component_ref idref="oc-3e"/>
      </symbol>
      <symbol id="sm-af1">
         <name>__aeabi_memcpy</name>
         <value>0x6b6d</value>
         <object_component_ref idref="oc-3e"/>
      </symbol>
      <symbol id="sm-af2">
         <name>__aeabi_memcpy8</name>
         <value>0x6b6d</value>
         <object_component_ref idref="oc-3e"/>
      </symbol>
      <symbol id="sm-af3">
         <name>__aeabi_memcpy4</name>
         <value>0x6b6d</value>
         <object_component_ref idref="oc-3e"/>
      </symbol>
      <symbol id="sm-b02">
         <name>__aeabi_uidivmod</name>
         <value>0x6e79</value>
         <object_component_ref idref="oc-1e3"/>
      </symbol>
      <symbol id="sm-b03">
         <name>__aeabi_uidiv</name>
         <value>0x6e79</value>
         <object_component_ref idref="oc-1e3"/>
      </symbol>
      <symbol id="sm-b1c">
         <name>__TI_zero_init_nomemset</name>
         <value>0x7025</value>
         <object_component_ref idref="oc-4a"/>
      </symbol>
      <symbol id="sm-b33">
         <name>__TI_decompress_none</name>
         <value>0x7037</value>
         <object_component_ref idref="oc-18"/>
      </symbol>
      <symbol id="sm-b56">
         <name>__TI_decompress_lzss</name>
         <value>0x6d83</value>
         <object_component_ref idref="oc-12"/>
      </symbol>
      <symbol id="sm-b6c">
         <name>__aeabi_errno_addr</name>
         <value>0x7051</value>
         <object_component_ref idref="oc-1f4"/>
      </symbol>
      <symbol id="sm-b6d">
         <name>errno</name>
         <value>0x2000165c</value>
         <object_component_ref idref="oc-32d"/>
      </symbol>
      <symbol id="sm-b80">
         <name>__stack</name>
         <value>0x20001660</value>
         <object_component_ref idref="oc-21"/>
      </symbol>
      <symbol id="sm-b81">
         <name>_c_int00_noargs</name>
         <value>0x6f31</value>
         <object_component_ref idref="oc-5c"/>
      </symbol>
      <symbol id="sm-b8e">
         <name>copysignf</name>
         <value>0x6fe5</value>
         <object_component_ref idref="oc-33f"/>
      </symbol>
      <symbol id="sm-b98">
         <name>__aeabi_idiv0</name>
         <value>0x4f7f</value>
         <object_component_ref idref="oc-322"/>
      </symbol>
      <symbol id="sm-b99">
         <name>__aeabi_ldiv0</name>
         <value>0x4f7f</value>
         <object_component_ref idref="oc-322"/>
      </symbol>
      <symbol id="sm-bc2">
         <name>__TI_auto_init_nobinit_nopinit</name>
         <value>0x6e35</value>
         <object_component_ref idref="oc-2cd"/>
      </symbol>
      <symbol id="sm-bcc">
         <name>_system_pre_init</name>
         <value>0x705f</value>
         <object_component_ref idref="oc-19c"/>
      </symbol>
      <symbol id="sm-bd8">
         <name>C$$EXIT</name>
         <value>0x7063</value>
         <object_component_ref idref="oc-2c1"/>
      </symbol>
      <symbol id="sm-bd9">
         <name>abort</name>
         <value>0x7063</value>
         <object_component_ref idref="oc-2c1"/>
      </symbol>
      <symbol id="sm-bdc">
         <name>__TI_static_base__</name>
         <value>0x0</value>
      </symbol>
      <symbol id="sm-bdf">
         <name>__mpu_init</name>
         <value>0x0</value>
      </symbol>
      <symbol id="sm-be0">
         <name>_system_post_cinit</name>
         <value>0x0</value>
      </symbol>
   </symbol_table>
   <title>Link successful</title>
</link_info>
